// Jest Snapshot v1, https://goo.gl/fbAQLP

exports[`Contact Page 1`] = `
<styled.div>
  <div
    className="contenidos_contacto_texto"
  >
    <p>
      <span
        className="contenidos_contacto_texto_titulo"
      >
        Santa
      </span>
      <br />
      <br />
      Torpedero Tucumán, 29
      <br />
      <br />
      Local Dcha.
      <br />
      <br />
      28016 - Madrid
      <br />
      <br />
      Tf: 
      <a
        href="tel:+34 91 353 39 54"
      >
        +34 91 353 39 54
      </a>
      <br />
      <br />
      <a
        href="mailto:info@santacc.es"
      >
        info@santacc.es
      </a>
    </p>
    <p
      className="contenidos_contacto_texto_metro"
    >
      Pío XII - Colombia
    </p>
  </div>
  <div
    className="contenidos_contacto_mapa"
  >
    <withScriptjs(withGoogleMap(CMap))
      center={
        Object {
          "lat": 40.463454,
          "lng": -3.67186,
        }
      }
      containerElement={
        <div
          style={
            Object {
              "height": "400px",
            }
          }
        />
      }
      googleMapURL="https://maps.googleapis.com/maps/api/js?key=AIzaSyDQ6tkAoMSO8ygMYmhuA9FrOTPVFJYKhqw"
      loadingElement={
        <div
          style={
            Object {
              "height": "100%",
            }
          }
        />
      }
      mapElement={
        <div
          style={
            Object {
              "height": "100%",
            }
          }
        />
      }
    />
  </div>
</styled.div>
`;
